// Jest Snapshot v1, https://goo.gl/fbAQLP

exports[`keyDerivation hash() Creates a hash from the password "foobar" 1`] = `
Uint8Array [
  53,
  105,
  10,
  98,
  120,
  129,
  33,
  209,
  213,
  106,
  77,
  71,
  183,
  192,
  25,
  169,
  130,
  118,
  113,
  6,
  38,
  63,
  211,
  119,
  177,
  84,
  41,
  79,
  123,
  115,
  236,
  77,
  30,
  27,
  86,
  80,
  168,
  252,
  242,
  231,
  159,
  5,
  178,
  93,
  68,
  184,
  251,
  232,
  35,
  55,
  191,
  217,
  177,
  255,
  80,
  185,
  13,
  93,
  107,
  48,
  19,
  62,
  0,
  150,
  109,
  159,
  50,
  223,
  31,
  12,
  56,
  171,
  18,
  94,
  2,
  126,
  218,
  150,
  195,
  79,
  52,
  100,
  115,
  244,
  212,
  130,
  237,
  148,
  164,
  147,
  116,
  47,
  2,
  129,
  171,
  80,
]
`;
