// Jest Snapshot v1, https://goo.gl/fbAQLP

exports[`crypto encrypt() Matches the snapshot #fbz3Op 1`] = `
Array [
  "4c0e2aafaf641002e186c1ca75d9d7610dae59cf4224aa89d0a375863af4b3fbeb486ad88d76edda3b7c797d425cb27295bc7a561ab0c0d2",
  Uint8Array [
    248,
    110,
    204,
    26,
    77,
    79,
    211,
    42,
    248,
    193,
    178,
    75,
    143,
    240,
    237,
    130,
    75,
    166,
    251,
    72,
    238,
    117,
    119,
    36,
    21,
    188,
    230,
    183,
    52,
    254,
    11,
    154,
    225,
    69,
    3,
    217,
    6,
    18,
    176,
    104,
    150,
    88,
    68,
    246,
    82,
    20,
    192,
    187,
    64,
    225,
    190,
    18,
    201,
    49,
    243,
    17,
    215,
    92,
    240,
    254,
    255,
    79,
    49,
    204,
    222,
    40,
    85,
    83,
  ],
]
`;
